C:/Users/surovotic/Downloads/W5300-TOE-C-main-rov/Projects/NUCLEO-F722ZE/Core/Src/main.c:152:1:__io_putchar	16	static
C:/Users/surovotic/Downloads/W5300-TOE-C-main-rov/Projects/NUCLEO-F722ZE/Core/Src/main.c:166:6:print_network_information	8	static
C:/Users/surovotic/Downloads/W5300-TOE-C-main-rov/Projects/NUCLEO-F722ZE/Core/Src/main.c:177:6:make_json_dio	32	static
C:/Users/surovotic/Downloads/W5300-TOE-C-main-rov/Projects/NUCLEO-F722ZE/Core/Src/main.c:193:6:make_json_ain	24	static
C:/Users/surovotic/Downloads/W5300-TOE-C-main-rov/Projects/NUCLEO-F722ZE/Core/Src/main.c:204:6:make_json_netinfo	200	static
C:/Users/surovotic/Downloads/W5300-TOE-C-main-rov/Projects/NUCLEO-F722ZE/Core/Src/main.c:227:9:predefined_get_cgi_processor	48	static
C:/Users/surovotic/Downloads/W5300-TOE-C-main-rov/Projects/NUCLEO-F722ZE/Core/Src/main.c:285:8:set_diodir	48	static
C:/Users/surovotic/Downloads/W5300-TOE-C-main-rov/Projects/NUCLEO-F722ZE/Core/Src/main.c:323:8:set_diostate	48	static
C:/Users/surovotic/Downloads/W5300-TOE-C-main-rov/Projects/NUCLEO-F722ZE/Core/Src/main.c:415:9:predefined_set_cgi_processor	32	static
C:/Users/surovotic/Downloads/W5300-TOE-C-main-rov/Projects/NUCLEO-F722ZE/Core/Src/main.c:465:5:main	48	static
C:/Users/surovotic/Downloads/W5300-TOE-C-main-rov/Projects/NUCLEO-F722ZE/Core/Src/main.c:625:6:SystemClock_Config	88	static
C:/Users/surovotic/Downloads/W5300-TOE-C-main-rov/Projects/NUCLEO-F722ZE/Core/Src/main.c:682:13:MX_ADC1_Init	24	static
C:/Users/surovotic/Downloads/W5300-TOE-C-main-rov/Projects/NUCLEO-F722ZE/Core/Src/main.c:734:13:MX_TIM2_Init	64	static
C:/Users/surovotic/Downloads/W5300-TOE-C-main-rov/Projects/NUCLEO-F722ZE/Core/Src/main.c:801:13:MX_USART3_UART_Init	8	static
C:/Users/surovotic/Downloads/W5300-TOE-C-main-rov/Projects/NUCLEO-F722ZE/Core/Src/main.c:832:13:MX_FMC_Init	40	static
C:/Users/surovotic/Downloads/W5300-TOE-C-main-rov/Projects/NUCLEO-F722ZE/Core/Src/main.c:902:13:MX_GPIO_Init	56	static
C:/Users/surovotic/Downloads/W5300-TOE-C-main-rov/Projects/NUCLEO-F722ZE/Core/Src/main.c:963:6:Error_Handler	4	static,ignoring_inline_asm
