C:/Users/surovotic/Downloads/W5300-TOE-C-main-rov/Projects/NUCLEO-F722ZE/Core/Src/stm32f7xx_hal_msp.c:66:6:HAL_MspInit	16	static
C:/Users/surovotic/Downloads/W5300-TOE-C-main-rov/Projects/NUCLEO-F722ZE/Core/Src/stm32f7xx_hal_msp.c:88:6:HAL_ADC_MspInit	48	static
C:/Users/surovotic/Downloads/W5300-TOE-C-main-rov/Projects/NUCLEO-F722ZE/Core/Src/stm32f7xx_hal_msp.c:121:6:HAL_ADC_MspDeInit	16	static
C:/Users/surovotic/Downloads/W5300-TOE-C-main-rov/Projects/NUCLEO-F722ZE/Core/Src/stm32f7xx_hal_msp.c:149:6:HAL_TIM_Base_MspInit	24	static
C:/Users/surovotic/Downloads/W5300-TOE-C-main-rov/Projects/NUCLEO-F722ZE/Core/Src/stm32f7xx_hal_msp.c:168:6:HAL_TIM_MspPostInit	40	static
C:/Users/surovotic/Downloads/W5300-TOE-C-main-rov/Projects/NUCLEO-F722ZE/Core/Src/stm32f7xx_hal_msp.c:202:6:HAL_TIM_Base_MspDeInit	16	static
C:/Users/surovotic/Downloads/W5300-TOE-C-main-rov/Projects/NUCLEO-F722ZE/Core/Src/stm32f7xx_hal_msp.c:227:6:HAL_UART_MspInit	176	static
C:/Users/surovotic/Downloads/W5300-TOE-C-main-rov/Projects/NUCLEO-F722ZE/Core/Src/stm32f7xx_hal_msp.c:274:6:HAL_UART_MspDeInit	16	static
C:/Users/surovotic/Downloads/W5300-TOE-C-main-rov/Projects/NUCLEO-F722ZE/Core/Src/stm32f7xx_hal_msp.c:299:13:HAL_FMC_MspInit	32	static
C:/Users/surovotic/Downloads/W5300-TOE-C-main-rov/Projects/NUCLEO-F722ZE/Core/Src/stm32f7xx_hal_msp.c:375:6:HAL_SRAM_MspInit	16	static
C:/Users/surovotic/Downloads/W5300-TOE-C-main-rov/Projects/NUCLEO-F722ZE/Core/Src/stm32f7xx_hal_msp.c:387:13:HAL_FMC_MspDeInit	8	static
C:/Users/surovotic/Downloads/W5300-TOE-C-main-rov/Projects/NUCLEO-F722ZE/Core/Src/stm32f7xx_hal_msp.c:446:6:HAL_SRAM_MspDeInit	16	static
