C:/Users/surovotic/Downloads/W5300-TOE-C-main/Port/ioLibrary_Driver/src/w5x00_bus.c:42:20:wizchip_select	8	static
C:/Users/surovotic/Downloads/W5300-TOE-C-main/Port/ioLibrary_Driver/src/w5x00_bus.c:47:20:wizchip_deselect	8	static
C:/Users/surovotic/Downloads/W5300-TOE-C-main/Port/ioLibrary_Driver/src/w5x00_bus.c:52:24:wizchip_read	16	static
C:/Users/surovotic/Downloads/W5300-TOE-C-main/Port/ioLibrary_Driver/src/w5x00_bus.c:57:20:wizchip_write	16	static
C:/Users/surovotic/Downloads/W5300-TOE-C-main/Port/ioLibrary_Driver/src/w5x00_bus.c:62:6:wizchip_initialize	32	static
C:/Users/surovotic/Downloads/W5300-TOE-C-main/Port/ioLibrary_Driver/src/w5x00_bus.c:105:6:wizchip_reset	8	static
C:/Users/surovotic/Downloads/W5300-TOE-C-main/Port/ioLibrary_Driver/src/w5x00_bus.c:114:6:wizchip_check	4	static
