C:/Users/surovotic/Downloads/W5300-TOE-C-main/Examples/dhcp/w5x00_dhcp.c:46:13:repeating_timer_callback	8	static
C:/Users/surovotic/Downloads/W5300-TOE-C-main/Examples/dhcp/w5x00_dhcp.c:51:13:wizchip_dhcp_assign	8	static
C:/Users/surovotic/Downloads/W5300-TOE-C-main/Examples/dhcp/w5x00_dhcp.c:64:13:wizchip_dhcp_conflict	8	static
C:/Users/surovotic/Downloads/W5300-TOE-C-main/Examples/dhcp/w5x00_dhcp.c:73:13:wizchip_dhcp_init	8	static
C:/Users/surovotic/Downloads/W5300-TOE-C-main/Examples/dhcp/w5x00_dhcp.c:82:6:dhcp_demo	24	static
