C:/Users/surovotic/Downloads/W5300-TOE-C-main-rov/Projects/NUCLEO-F722ZE/Drivers/STM32F7xx_HAL_Driver/Src/stm32f7xx_hal_sram.c:167:19:HAL_SRAM_Init	24	static
C:/Users/surovotic/Downloads/W5300-TOE-C-main-rov/Projects/NUCLEO-F722ZE/Drivers/STM32F7xx_HAL_Driver/Src/stm32f7xx_hal_sram.c:222:19:HAL_SRAM_DeInit	16	static
C:/Users/surovotic/Downloads/W5300-TOE-C-main-rov/Projects/NUCLEO-F722ZE/Drivers/STM32F7xx_HAL_Driver/Src/stm32f7xx_hal_sram.c:255:13:HAL_SRAM_MspInit	16	static
C:/Users/surovotic/Downloads/W5300-TOE-C-main-rov/Projects/NUCLEO-F722ZE/Drivers/STM32F7xx_HAL_Driver/Src/stm32f7xx_hal_sram.c:271:13:HAL_SRAM_MspDeInit	16	static
C:/Users/surovotic/Downloads/W5300-TOE-C-main-rov/Projects/NUCLEO-F722ZE/Drivers/STM32F7xx_HAL_Driver/Src/stm32f7xx_hal_sram.c:287:13:HAL_SRAM_DMA_XferCpltCallback	16	static
C:/Users/surovotic/Downloads/W5300-TOE-C-main-rov/Projects/NUCLEO-F722ZE/Drivers/STM32F7xx_HAL_Driver/Src/stm32f7xx_hal_sram.c:303:13:HAL_SRAM_DMA_XferErrorCallback	16	static
C:/Users/surovotic/Downloads/W5300-TOE-C-main-rov/Projects/NUCLEO-F722ZE/Drivers/STM32F7xx_HAL_Driver/Src/stm32f7xx_hal_sram.c:340:19:HAL_SRAM_Read_8b	40	static
C:/Users/surovotic/Downloads/W5300-TOE-C-main-rov/Projects/NUCLEO-F722ZE/Drivers/STM32F7xx_HAL_Driver/Src/stm32f7xx_hal_sram.c:388:19:HAL_SRAM_Write_8b	40	static
C:/Users/surovotic/Downloads/W5300-TOE-C-main-rov/Projects/NUCLEO-F722ZE/Drivers/STM32F7xx_HAL_Driver/Src/stm32f7xx_hal_sram.c:435:19:HAL_SRAM_Read_16b	40	static
C:/Users/surovotic/Downloads/W5300-TOE-C-main-rov/Projects/NUCLEO-F722ZE/Drivers/STM32F7xx_HAL_Driver/Src/stm32f7xx_hal_sram.c:495:19:HAL_SRAM_Write_16b	40	static
C:/Users/surovotic/Downloads/W5300-TOE-C-main-rov/Projects/NUCLEO-F722ZE/Drivers/STM32F7xx_HAL_Driver/Src/stm32f7xx_hal_sram.c:554:19:HAL_SRAM_Read_32b	40	static
C:/Users/surovotic/Downloads/W5300-TOE-C-main-rov/Projects/NUCLEO-F722ZE/Drivers/STM32F7xx_HAL_Driver/Src/stm32f7xx_hal_sram.c:602:19:HAL_SRAM_Write_32b	40	static
C:/Users/surovotic/Downloads/W5300-TOE-C-main-rov/Projects/NUCLEO-F722ZE/Drivers/STM32F7xx_HAL_Driver/Src/stm32f7xx_hal_sram.c:649:19:HAL_SRAM_Read_DMA	32	static
C:/Users/surovotic/Downloads/W5300-TOE-C-main-rov/Projects/NUCLEO-F722ZE/Drivers/STM32F7xx_HAL_Driver/Src/stm32f7xx_hal_sram.c:698:19:HAL_SRAM_Write_DMA	32	static
C:/Users/surovotic/Downloads/W5300-TOE-C-main-rov/Projects/NUCLEO-F722ZE/Drivers/STM32F7xx_HAL_Driver/Src/stm32f7xx_hal_sram.c:933:19:HAL_SRAM_WriteOperation_Enable	16	static
C:/Users/surovotic/Downloads/W5300-TOE-C-main-rov/Projects/NUCLEO-F722ZE/Drivers/STM32F7xx_HAL_Driver/Src/stm32f7xx_hal_sram.c:967:19:HAL_SRAM_WriteOperation_Disable	16	static
C:/Users/surovotic/Downloads/W5300-TOE-C-main-rov/Projects/NUCLEO-F722ZE/Drivers/STM32F7xx_HAL_Driver/Src/stm32f7xx_hal_sram.c:1020:23:HAL_SRAM_GetState	16	static
C:/Users/surovotic/Downloads/W5300-TOE-C-main-rov/Projects/NUCLEO-F722ZE/Drivers/STM32F7xx_HAL_Driver/Src/stm32f7xx_hal_sram.c:1038:13:SRAM_DMACplt	24	static
C:/Users/surovotic/Downloads/W5300-TOE-C-main-rov/Projects/NUCLEO-F722ZE/Drivers/STM32F7xx_HAL_Driver/Src/stm32f7xx_hal_sram.c:1060:13:SRAM_DMACpltProt	24	static
C:/Users/surovotic/Downloads/W5300-TOE-C-main-rov/Projects/NUCLEO-F722ZE/Drivers/STM32F7xx_HAL_Driver/Src/stm32f7xx_hal_sram.c:1082:13:SRAM_DMAError	24	static
